nohup: ignoring input
正在读取数据...
数据集大小: 50016 条记录
反应类型数量: 10
反应类型分布:
class
1     15151
2     11896
3      5662
4       909
5       672
6      8237
7      4614
8       811
9      1834
10      230
Name: count, dtype: int64

正在分析反应物和反应类型...
处理进度: 0/50016
处理进度: 10000/50016
处理进度: 20000/50016
处理进度: 30000/50016
处理进度: 40000/50016
处理进度: 50000/50016

总共发现 72992 个不同的反应物
总共发现 49684 个不同的反应物组合

=== 单个反应物统计结果 ===
每种反应物对应的反应类型数量分布:
有1种反应类型的反应物数: 71955
有2种反应类型的反应物数: 974
有3种反应类型的反应物数: 60
有4种反应类型的反应物数: 3
有5种反应类型的反应物数: 0
有6种反应类型的反应物数: 0
有7种反应类型的反应物数: 0
有8种反应类型的反应物数: 0
有9种反应类型的反应物数: 0
有10种反应类型的反应物数: 0

=== 反应物组合统计结果 ===
每种反应物组合对应的反应类型数量分布:
有1种反应类型的反应物组合数: 49684
有2种反应类型的反应物组合数: 0
有3种反应类型的反应物组合数: 0
有4种反应类型的反应物组合数: 0
有5种反应类型的反应物组合数: 0
有6种反应类型的反应物组合数: 0
有7种反应类型的反应物组合数: 0
有8种反应类型的反应物组合数: 0
有9种反应类型的反应物组合数: 0
有10种反应类型的反应物组合数: 0

=== 详细分析 ===
反应物总数: 72992
反应物组合总数: 49684
单个反应物平均对应的反应类型数: 1.02
单个反应物中位数: 1.00
单个反应物最大反应类型数: 4
单个反应物最小反应类型数: 1

反应物组合平均对应的反应类型数: 1.00
反应物组合中位数: 1.00
反应物组合最大反应类型数: 1
反应物组合最小反应类型数: 1

反应类型最多的前10个反应物:
1. 反应类型数: 4, 反应物: [NH2:19][NH2:20]...
   对应的反应类型: [1, 2, 4, 9]
2. 反应类型数: 4, 反应物: [NH2:20][NH2:21]...
   对应的反应类型: [1, 2, 4, 9]
3. 反应类型数: 4, 反应物: [NH2:10][NH2:11]...
   对应的反应类型: [1, 2, 4, 9]
4. 反应类型数: 3, 反应物: [NH3:24]...
   对应的反应类型: [1, 3, 9]
5. 反应类型数: 3, 反应物: [C:1]([CH3:2])(=[O:3])[Cl:17]...
   对应的反应类型: [1, 2, 3]
6. 反应类型数: 3, 反应物: [CH2:1]=[O:20]...
   对应的反应类型: [1, 3, 4]
7. 反应类型数: 3, 反应物: [C:1]([CH3:2])(=[O:3])[Cl:36]...
   对应的反应类型: [1, 2, 3]
8. 反应类型数: 3, 反应物: [NH2:16][NH2:17]...
   对应的反应类型: [1, 2, 9]
9. 反应类型数: 3, 反应物: [CH3:18][NH2:19]...
   对应的反应类型: [1, 2, 3]
10. 反应类型数: 3, 反应物: [NH3:17]...
   对应的反应类型: [1, 3, 9]

反应类型最多的前10个反应物组合:
1. 反应类型数: 1
   反应物组合 (1 个反应物):
     1. [NH:1]([CH2:2][CH2:3][CH2:4][CH2:5][C@@H:6]([C:7]([O:8][CH3:9])=[O:10])[NH:11][C...
   对应的反应类型: [6]

2. 反应类型数: 1
   反应物组合 (2 个反应物):
     1. [C:1](=[O:2])([c:3]1[cH:4][c:5]([N+:6](=[O:7])[O-:8])[c:9]([S:10][c:11]2[c:12]([...
     2. [NH2:20][c:21]1[cH:22][cH:23][cH:24][c:25]2[cH:26][n:27][cH:28][cH:29][c:30]12...
   对应的反应类型: [2]

3. 反应类型数: 1
   反应物组合 (2 个反应物):
     1. [CH3:44][CH2:45][NH:46][CH2:47][CH3:48]...
     2. [CH:1]([c:2]1[cH:3][cH:4][c:5](-[c:6]2[n:7][c:8]([CH3:9])[c:10]([CH2:11][O:12][c...
   对应的反应类型: [1]

4. 反应类型数: 1
   反应物组合 (2 个反应物):
     1. [C:1]([CH2:2][F:3])([CH2:4][F:5])=[O:65]...
     2. [CH3:6][C:7]1([CH3:8])[CH2:9][CH2:10][C:11]([CH2:12][N:13]2[CH2:14][CH2:15][N:16...
   对应的反应类型: [1]

5. 反应类型数: 1
   反应物组合 (2 个反应物):
     1. [C:1](=[O:2])([O:3][CH:4]1[CH2:5][CH2:6][CH2:7][CH2:8]1)[Cl:35]...
     2. [CH3:9][CH2:10][O:11][c:12]1[cH:13][cH:14][c:15]([O:16][c:17]2[n:18][cH:19][n:20...
   对应的反应类型: [2]

6. 反应类型数: 1
   反应物组合 (2 个反应物):
     1. [c:15]1([B:28]([OH:27])[OH:29])[cH:16][cH:17][c:18](-[n:19]2[cH:20][cH:21][cH:22...
     2. [c:1]1([Br:26])[n:2]([CH3:3])[cH:4][n:5][c:6]1-[c:7]1[cH:8][c:9]([C:10]#[N:11])[...
   对应的反应类型: [3]

7. 反应类型数: 1
   反应物组合 (2 个反应物):
     1. [c:16]1([B:39]2[O:38][C:36]([CH3:35])([CH3:37])[C:41]([CH3:42])([CH3:43])[O:40]2...
     2. [c:1]1([Br:34])[c:2]([O:3][CH:4]2[CH2:5][CH2:6][CH2:7][CH2:8][O:9]2)[cH:10][cH:1...
   对应的反应类型: [3]

8. 反应类型数: 1
   反应物组合 (1 个反应物):
     1. [CH3:1][O:2][c:3]1[cH:4][cH:5][c:6]([C:7](=[O:8])[CH2:9][c:10]2[c:11]([Cl:12])[c...
   对应的反应类型: [7]

9. 反应类型数: 1
   反应物组合 (2 个反应物):
     1. [C:1](=[O:2])([c:3]1[cH:4][cH:5][c:6]([Br:7])[cH:8][c:9]1[Cl:10])[OH:20]...
     2. [CH3:11][C:12]([CH3:13])([CH3:14])[O:15][C:16](=[O:17])[NH:18][NH2:19]...
   对应的反应类型: [2]

10. 反应类型数: 1
   反应物组合 (2 个反应物):
     1. [CH2:1]([c:2]1[n:3][c:4]2[c:5]([NH2:6])[n:7][cH:8][n:9][c:10]2[n:11]1[CH2:12][CH...
     2. [CH3:20][CH2:21][O:22][P:23](=[O:24])([CH2:25][OH:26])[O:27][CH2:28][CH3:29]...
   对应的反应类型: [1]


正在保存详细结果...
分析完成！结果已保存到:
- reactant_class_mapping.txt: 详细的反应物-反应类型映射
- reactant_combo_class_mapping.txt: 详细的反应物组合-反应类型映射
- reaction_type_statistics.txt: 统计结果汇总
